// Jest Snapshot v1, https://goo.gl/fbAQLP

exports[`should render ExpenseDashboardPage correctly 1`] = `
<div>
  <h2>
    OMG 404 ERROR!!!
    <Link
      replace={false}
      to="/"
    >
      Go Home
    </Link>
  </h2>
</div>
`;
